// Jest Snapshot v1, https://goo.gl/fbAQLP

exports[`Components::MetaSimple renders datepicker if field key is called date 1`] = `
<div
  className="meta-value"
>
  <div
    className="date-field rw-datetimepicker rw-has-both rw-widget"
    onBlur={[Function]}
    onFocus={[Function]}
    onKeyDown={[Function]}
    onKeyPress={[Function]}
    tabIndex="-1"
  >
    <input
      aria-busy={false}
      aria-describedby={undefined}
      aria-disabled={undefined}
      aria-expanded={false}
      aria-haspopup={true}
      aria-labelledby={undefined}
      aria-owns="rw_1_cal rw_1_time_listbox"
      aria-readonly={undefined}
      autoComplete="off"
      autoFocus={undefined}
      className="rw-input"
      disabled={undefined}
      id="rw_1_input"
      name={undefined}
      onBlur={[Function]}
      onChange={[Function]}
      placeholder={undefined}
      readOnly={undefined}
      role="combobox"
      tabIndex={0}
      type="text"
      value=""
    />
    <span
      className="rw-select"
    >
      <button
        aria-disabled={false}
        aria-label="Select Date"
        className="rw-btn-calendar rw-btn"
        disabled={false}
        onClick={[Function]}
        tabIndex="-1"
        title="Select Date"
        type="button"
      >
        <span
          aria-hidden={true}
          className="rw-i rw-i-calendar"
        />
      </button>
      <button
        aria-disabled={false}
        aria-label="Select Time"
        className="rw-btn-time rw-btn"
        disabled={false}
        onClick={[Function]}
        tabIndex="-1"
        title="Select Time"
        type="button"
      >
        <span
          aria-hidden={true}
          className="rw-i rw-i-clock-o"
        />
      </button>
    </span>
  </div>
</div>
`;
